// Jest Snapshot v1, https://goo.gl/fbAQLP

exports[`it should work 1`] = `
Array [
  <h1>
    0
     new react projects
  </h1>,
  <p>
    na
  </p>,
  <p>
    ma
  </p>,
  <img
    alt=""
    src="test-file-stub"
  />,
  <button
    onClick={[Function]}
  >
    Hey
  </button>,
]
`;
