// Jest Snapshot v1, https://goo.gl/fbAQLP

exports[`Main should work 1`] = `
<div
  className="cover"
>
  <h1>
    Resource not found 
    <small>
      Error 404
    </small>
  </h1>
  <p
    className="lead"
  >
    The requested resource could not be found but may be available again in the future.
  </p>
</div>
`;
