// Jest Snapshot v1, https://goo.gl/fbAQLP

exports[`Main should work 1`] = `
<a
  href="/next"
  onClick={[Function]}
>
  Go to Next
</a>
`;
